// Jest Snapshot v1, https://goo.gl/fbAQLP

exports[`SystemDetails expect to render a 500 error 1`] = `
<Fragment>
  <PageHeader>
    <Breadcrumb
      ouiaId="SystemDetailsPathBreadcrumb"
    >
      <BreadcrumbLinkItem
        to="/"
      >
        Compliance
      </BreadcrumbLinkItem>
      <BreadcrumbLinkItem
        to="/systems"
      >
        Systems
      </BreadcrumbLinkItem>
      <BreadcrumbItem
        isActive={true}
      />
    </Breadcrumb>
    <InventoryDetails />
  </PageHeader>
  <Connect(InternalMain)>
    <ComplianceDetails
      hidePassed={true}
      inventoryId={1}
      onLoaded={[Function]}
    />
  </Connect(InternalMain)>
</Fragment>
`;

exports[`SystemDetails expect to render and pass hidePassed correctly 1`] = `
<Fragment>
  <PageHeader>
    <Breadcrumb
      ouiaId="SystemDetailsPathBreadcrumb"
    >
      <BreadcrumbLinkItem
        to="/"
      >
        Compliance
      </BreadcrumbLinkItem>
      <BreadcrumbLinkItem
        to="/systems"
      >
        Systems
      </BreadcrumbLinkItem>
      <BreadcrumbItem
        isActive={true}
      />
    </Breadcrumb>
    <InventoryDetails />
  </PageHeader>
  <Connect(InternalMain)>
    <ComplianceDetails
      hidePassed={true}
      inventoryId={1}
      onLoaded={[Function]}
    />
  </Connect(InternalMain)>
</Fragment>
`;

exports[`SystemDetails expect to render loading 1`] = `
<Fragment>
  <PageHeader>
    <Breadcrumb
      ouiaId="SystemDetailsPathBreadcrumb"
    >
      <BreadcrumbLinkItem
        to="/"
      >
        Compliance
      </BreadcrumbLinkItem>
      <BreadcrumbLinkItem
        to="/systems"
      >
        Systems
      </BreadcrumbLinkItem>
      <BreadcrumbItem
        isActive={true}
      />
    </Breadcrumb>
    <InventoryDetails />
  </PageHeader>
  <Connect(InternalMain)>
    <ComplianceDetails
      hidePassed={true}
      inventoryId={1}
      onLoaded={[Function]}
    />
  </Connect(InternalMain)>
</Fragment>
`;

exports[`SystemDetails expect to render without error 1`] = `
<Fragment>
  <PageHeader>
    <Breadcrumb
      ouiaId="SystemDetailsPathBreadcrumb"
    >
      <BreadcrumbLinkItem
        to="/"
      >
        Compliance
      </BreadcrumbLinkItem>
      <BreadcrumbLinkItem
        to="/systems"
      >
        Systems
      </BreadcrumbLinkItem>
      <BreadcrumbItem
        isActive={true}
      />
    </Breadcrumb>
    <InventoryDetails />
  </PageHeader>
  <Connect(InternalMain)>
    <ComplianceDetails
      hidePassed={true}
      inventoryId={1}
      onLoaded={[Function]}
    />
  </Connect(InternalMain)>
</Fragment>
`;
