// Jest Snapshot v1, https://goo.gl/fbAQLP

exports[`ProfileTypeSelect expect to render without error 1`] = `
<Fragment>
  <Grid
    hasGutter={true}
  >
    <GridItem
      rowSpan={2}
      span={8}
    >
      <Radio
        className=""
        description={
          <Truncate
            inline={true}
            length={190}
            text="foodesc"
          />
        }
        id="profile-select-text-fooid"
        isChecked={false}
        isDisabled={false}
        isValid={true}
        label={
          <React.Fragment>
             fooname 
          </React.Fragment>
        }
        onChange={[Function]}
        value="{\\"description\\":\\"foodesc\\",\\"name\\":\\"fooname\\",\\"id\\":\\"fooid\\"}"
      />
    </GridItem>
    <GridItem
      rowSpan={2}
      span={8}
    >
      <Radio
        className=""
        description={
          <Truncate
            inline={true}
            length={190}
            text="foodesc"
          />
        }
        id="profile-select-text-fooid"
        isChecked={false}
        isDisabled={true}
        isValid={true}
        label={
          <React.Fragment>
             fooname 
            <InUseProfileLabel />
          </React.Fragment>
        }
        onChange={[Function]}
        value="{\\"description\\":\\"foodesc\\",\\"name\\":\\"fooname\\",\\"id\\":\\"fooid\\",\\"disabled\\":true}"
      />
    </GridItem>
  </Grid>
</Fragment>
`;
