// Jest Snapshot v1, https://goo.gl/fbAQLP

exports[`ProfileTypeSelect expect to render without error 1`] = `
<Fragment>
  <Grid
    hasGutter={true}
  >
    <GridItem
      rowSpan={2}
      span={8}
    >
      <TextContent
        style={
          Object {
            "color": "",
            "lineHeight": "2em",
          }
        }
      >
        <Text>
          <Field
            component="input"
            name="profile"
            onClick={[Function]}
            type="radio"
            value="{\\"description\\":\\"foodesc\\",\\"name\\":\\"fooname\\",\\"id\\":\\"fooid\\"}"
          />
           fooname 
        </Text>
      </TextContent>
      <TextContent
        style={
          Object {
            "color": "var(--pf-c-content--blockquote--Color)",
          }
        }
      >
        <Text
          component="p"
        >
          <Truncate
            collapseText="Collapse"
            expandText="Read more"
            inline={true}
            key="profile-select-text-fooid"
            length={190}
            text="foodesc"
          />
        </Text>
      </TextContent>
    </GridItem>
    <GridItem
      rowSpan={2}
      span={8}
    >
      <TextContent
        style={
          Object {
            "color": "var(--pf-c-content--blockquote--Color)",
            "lineHeight": "2em",
          }
        }
      >
        <Text>
          <Field
            component="input"
            disabled={true}
            name="profile"
            onClick={[Function]}
            type="radio"
            value="{\\"description\\":\\"foodesc\\",\\"name\\":\\"fooname\\",\\"id\\":\\"fooid\\",\\"disabled\\":true}"
          />
           fooname 
          <InUseProfileLabel />
        </Text>
      </TextContent>
      <TextContent
        style={
          Object {
            "color": "var(--pf-c-content--blockquote--Color)",
          }
        }
      >
        <Text
          component="p"
        >
          <Truncate
            collapseText="Collapse"
            expandText="Read more"
            inline={true}
            key="profile-select-text-fooid"
            length={190}
            text="foodesc"
          />
        </Text>
      </TextContent>
    </GridItem>
  </Grid>
</Fragment>
`;
