// Jest Snapshot v1, https://goo.gl/fbAQLP

exports[`CreatePolicy expect to render the create button 1`] = `
<button
  aria-disabled={null}
  aria-label={null}
  className="pf-c-button pf-m-primary"
  disabled={false}
  onClick={[Function]}
  tabIndex={null}
  type="button"
>
  Create new policy
</button>
`;
