// Jest Snapshot v1, https://goo.gl/fbAQLP

exports[`EditPolicySystems expect to render without error 1`] = `
Array [
  <div
    className="pf-c-content"
  >
    <h1
      className=""
      data-pf-content={true}
    >
      Systems
    </h1>
    <h4
      className=""
      data-pf-content={true}
    >
      Choose systems to scan with this policy. You can add and remove systems later.
    </h4>
  </div>,
  <form
    className="pf-c-form"
    noValidate={true}
  >
    <table
      aria-label="Loading"
      className="pf-c-table pf-m-grid-md"
      role="grid"
    >
      <thead
        className=""
      >
        <tr>
          <th
            className=""
            data-key={0}
            data-label="column-0"
            scope="col"
          >
            <div
              className="ins-c-skeleton ins-c-skeleton__sm"
            >
               
            </div>
          </th>
          <th
            className=""
            data-key={1}
            data-label="column-1"
            scope="col"
          >
            <div
              className="ins-c-skeleton ins-c-skeleton__sm"
            >
               
            </div>
          </th>
        </tr>
      </thead>
      <tbody
        className=""
      >
        <tr
          className=""
          hidden={false}
          onMouseDown={[Function]}
        >
          <td
            className=""
            data-key={0}
            data-label="column-0"
          >
            <div
              className="ins-c-skeleton ins-c-skeleton__md"
            >
               
            </div>
          </td>
          <td
            className=""
            data-key={1}
            data-label="column-1"
          >
            <div
              className="ins-c-skeleton ins-c-skeleton__md"
            >
               
            </div>
          </td>
        </tr>
        <tr
          className=""
          hidden={false}
          onMouseDown={[Function]}
        >
          <td
            className=""
            data-key={0}
            data-label="column-0"
          >
            <div
              className="ins-c-skeleton ins-c-skeleton__md"
            >
               
            </div>
          </td>
          <td
            className=""
            data-key={1}
            data-label="column-1"
          >
            <div
              className="ins-c-skeleton ins-c-skeleton__md"
            >
               
            </div>
          </td>
        </tr>
        <tr
          className=""
          hidden={false}
          onMouseDown={[Function]}
        >
          <td
            className=""
            data-key={0}
            data-label="column-0"
          >
            <div
              className="ins-c-skeleton ins-c-skeleton__md"
            >
               
            </div>
          </td>
          <td
            className=""
            data-key={1}
            data-label="column-1"
          >
            <div
              className="ins-c-skeleton ins-c-skeleton__md"
            >
               
            </div>
          </td>
        </tr>
        <tr
          className=""
          hidden={false}
          onMouseDown={[Function]}
        >
          <td
            className=""
            data-key={0}
            data-label="column-0"
          >
            <div
              className="ins-c-skeleton ins-c-skeleton__md"
            >
               
            </div>
          </td>
          <td
            className=""
            data-key={1}
            data-label="column-1"
          >
            <div
              className="ins-c-skeleton ins-c-skeleton__md"
            >
               
            </div>
          </td>
        </tr>
        <tr
          className=""
          hidden={false}
          onMouseDown={[Function]}
        >
          <td
            className=""
            data-key={0}
            data-label="column-0"
          >
            <div
              className="ins-c-skeleton ins-c-skeleton__md"
            >
               
            </div>
          </td>
          <td
            className=""
            data-key={1}
            data-label="column-1"
          >
            <div
              className="ins-c-skeleton ins-c-skeleton__md"
            >
               
            </div>
          </td>
        </tr>
        <tr
          className=""
          hidden={false}
          onMouseDown={[Function]}
        >
          <td
            className=""
            data-key={0}
            data-label="column-0"
          >
            <div
              className="ins-c-skeleton ins-c-skeleton__md"
            >
               
            </div>
          </td>
          <td
            className=""
            data-key={1}
            data-label="column-1"
          >
            <div
              className="ins-c-skeleton ins-c-skeleton__md"
            >
               
            </div>
          </td>
        </tr>
        <tr
          className=""
          hidden={false}
          onMouseDown={[Function]}
        >
          <td
            className=""
            data-key={0}
            data-label="column-0"
          >
            <div
              className="ins-c-skeleton ins-c-skeleton__md"
            >
               
            </div>
          </td>
          <td
            className=""
            data-key={1}
            data-label="column-1"
          >
            <div
              className="ins-c-skeleton ins-c-skeleton__md"
            >
               
            </div>
          </td>
        </tr>
        <tr
          className=""
          hidden={false}
          onMouseDown={[Function]}
        >
          <td
            className=""
            data-key={0}
            data-label="column-0"
          >
            <div
              className="ins-c-skeleton ins-c-skeleton__md"
            >
               
            </div>
          </td>
          <td
            className=""
            data-key={1}
            data-label="column-1"
          >
            <div
              className="ins-c-skeleton ins-c-skeleton__md"
            >
               
            </div>
          </td>
        </tr>
        <tr
          className=""
          hidden={false}
          onMouseDown={[Function]}
        >
          <td
            className=""
            data-key={0}
            data-label="column-0"
          >
            <div
              className="ins-c-skeleton ins-c-skeleton__md"
            >
               
            </div>
          </td>
          <td
            className=""
            data-key={1}
            data-label="column-1"
          >
            <div
              className="ins-c-skeleton ins-c-skeleton__md"
            >
               
            </div>
          </td>
        </tr>
        <tr
          className=""
          hidden={false}
          onMouseDown={[Function]}
        >
          <td
            className=""
            data-key={0}
            data-label="column-0"
          >
            <div
              className="ins-c-skeleton ins-c-skeleton__md"
            >
               
            </div>
          </td>
          <td
            className=""
            data-key={1}
            data-label="column-1"
          >
            <div
              className="ins-c-skeleton ins-c-skeleton__md"
            >
               
            </div>
          </td>
        </tr>
        <tr
          className=""
          hidden={false}
          onMouseDown={[Function]}
        >
          <td
            className=""
            data-key={0}
            data-label="column-0"
          >
            <div
              className="ins-c-skeleton ins-c-skeleton__md"
            >
               
            </div>
          </td>
          <td
            className=""
            data-key={1}
            data-label="column-1"
          >
            <div
              className="ins-c-skeleton ins-c-skeleton__md"
            >
               
            </div>
          </td>
        </tr>
        <tr
          className=""
          hidden={false}
          onMouseDown={[Function]}
        >
          <td
            className=""
            data-key={0}
            data-label="column-0"
          >
            <div
              className="ins-c-skeleton ins-c-skeleton__md"
            >
               
            </div>
          </td>
          <td
            className=""
            data-key={1}
            data-label="column-1"
          >
            <div
              className="ins-c-skeleton ins-c-skeleton__md"
            >
               
            </div>
          </td>
        </tr>
        <tr
          className=""
          hidden={false}
          onMouseDown={[Function]}
        >
          <td
            className=""
            data-key={0}
            data-label="column-0"
          >
            <div
              className="ins-c-skeleton ins-c-skeleton__md"
            >
               
            </div>
          </td>
          <td
            className=""
            data-key={1}
            data-label="column-1"
          >
            <div
              className="ins-c-skeleton ins-c-skeleton__md"
            >
               
            </div>
          </td>
        </tr>
        <tr
          className=""
          hidden={false}
          onMouseDown={[Function]}
        >
          <td
            className=""
            data-key={0}
            data-label="column-0"
          >
            <div
              className="ins-c-skeleton ins-c-skeleton__md"
            >
               
            </div>
          </td>
          <td
            className=""
            data-key={1}
            data-label="column-1"
          >
            <div
              className="ins-c-skeleton ins-c-skeleton__md"
            >
               
            </div>
          </td>
        </tr>
        <tr
          className=""
          hidden={false}
          onMouseDown={[Function]}
        >
          <td
            className=""
            data-key={0}
            data-label="column-0"
          >
            <div
              className="ins-c-skeleton ins-c-skeleton__md"
            >
               
            </div>
          </td>
          <td
            className=""
            data-key={1}
            data-label="column-1"
          >
            <div
              className="ins-c-skeleton ins-c-skeleton__md"
            >
               
            </div>
          </td>
        </tr>
      </tbody>
    </table>
  </form>,
]
`;
