// Jest Snapshot v1, https://goo.gl/fbAQLP

exports[`useFilterConfig returns a filter config configuration 1`] = `
{
  "activeFilterValues": [
    [],
  ],
  "activeFilters": {
    "checkboxfilter": [],
    "filtergroup": undefined,
    "hiddenfilter": false,
    "invalidfilter": undefined,
    "name": "",
    "radiofilter": undefined,
  },
  "addConfigItem": [Function],
  "filter": [Function],
  "filterConfigBuilder": FilterConfigBuilder {
    "addConfigItem": [Function],
    "applyFilterToObjectArray": [Function],
    "buildConfiguration": [Function],
    "categoryLabelForValue": [Function],
    "chipBuilder": ChipBuilder {
      "checkboxFilterChip": [Function],
      "chipFor": [Function],
      "chipsFor": [Function],
      "config": [
        {
          "filter": [Function],
          "filterAttribute": "name",
          "label": "Name",
          "type": "text",
        },
        {
          "filter": [Function],
          "label": "Hidden filter",
          "type": "hidden",
        },
        {
          "filter": [Function],
          "filterAttribute": "checkbox",
          "items": [
            {
              "label": "OPTION 1",
              "value": "OPTION 1-value",
            },
            {
              "label": "OPTION 2",
              "value": "OPTION 2-value",
            },
            {
              "label": "OPTION 3",
              "value": "OPTION 3-value",
            },
          ],
          "label": "Checkbox Filter",
          "type": "checkbox",
        },
        {
          "filter": [Function],
          "filterAttribute": "radio",
          "items": [
            {
              "label": "OPTION 1",
              "value": "OPTION 1-value",
            },
            {
              "label": "OPTION 2",
              "value": "OPTION 2-value",
            },
            {
              "label": "OPTION 3",
              "value": "OPTION 3-value",
            },
          ],
          "label": "Radio Filter",
          "type": "radio",
        },
        {
          "filter": [Function],
          "items": [
            {
              "label": "OPTION 1",
              "value": "OPTION 1-value",
            },
            {
              "label": "OPTION 2",
              "value": "OPTION 2-value",
            },
            {
              "label": "OPTION 3",
              "value": "OPTION 3-value",
            },
          ],
          "label": "Invalid Filter",
          "type": "UNKNOWNTYPE",
        },
        {
          "filter": [Function],
          "items": [
            {
              "items": [
                {
                  "label": "Child 1",
                  "value": 1,
                },
                {
                  "label": "Child 2",
                  "value": 2,
                },
              ],
              "label": "Parent 1",
              "value": 1,
            },
            {
              "items": [
                {
                  "label": "Parent 2 Child 1",
                  "value": 1,
                },
                {
                  "label": "Parent 2 Child 2",
                  "value": 2,
                },
              ],
              "label": "Parent 2",
              "value": 2,
            },
          ],
          "label": "Filter group",
          "type": "group",
        },
      ],
      "filterConfig": [Circular],
      "groupFilterChip": [Function],
      "radioFilterChip": [Function],
      "textFilterChip": [Function],
    },
    "config": [
      {
        "filter": [Function],
        "filterAttribute": "name",
        "label": "Name",
        "type": "text",
      },
      {
        "filter": [Function],
        "label": "Hidden filter",
        "type": "hidden",
      },
      {
        "filter": [Function],
        "filterAttribute": "checkbox",
        "items": [
          {
            "label": "OPTION 1",
            "value": "OPTION 1-value",
          },
          {
            "label": "OPTION 2",
            "value": "OPTION 2-value",
          },
          {
            "label": "OPTION 3",
            "value": "OPTION 3-value",
          },
        ],
        "label": "Checkbox Filter",
        "type": "checkbox",
      },
      {
        "filter": [Function],
        "filterAttribute": "radio",
        "items": [
          {
            "label": "OPTION 1",
            "value": "OPTION 1-value",
          },
          {
            "label": "OPTION 2",
            "value": "OPTION 2-value",
          },
          {
            "label": "OPTION 3",
            "value": "OPTION 3-value",
          },
        ],
        "label": "Radio Filter",
        "type": "radio",
      },
      {
        "filter": [Function],
        "items": [
          {
            "label": "OPTION 1",
            "value": "OPTION 1-value",
          },
          {
            "label": "OPTION 2",
            "value": "OPTION 2-value",
          },
          {
            "label": "OPTION 3",
            "value": "OPTION 3-value",
          },
        ],
        "label": "Invalid Filter",
        "type": "UNKNOWNTYPE",
      },
      {
        "filter": [Function],
        "items": [
          {
            "items": [
              {
                "label": "Child 1",
                "value": 1,
              },
              {
                "label": "Child 2",
                "value": 2,
              },
            ],
            "label": "Parent 1",
            "value": 1,
          },
          {
            "items": [
              {
                "label": "Parent 2 Child 1",
                "value": 1,
              },
              {
                "label": "Parent 2 Child 2",
                "value": 2,
              },
            ],
            "label": "Parent 2",
            "value": 2,
          },
        ],
        "label": "Filter group",
        "type": "group",
      },
    ],
    "defaultValueForFilter": [Function],
    "filterBuilder": null,
    "getCategoryForLabel": [Function],
    "getChipBuilder": [Function],
    "getFilterBuilder": [Function],
    "getItemByLabelOrValue": [Function],
    "initialDefaultState": [Function],
    "labelForValue": [Function],
    "removeFilterFromFilterState": [Function],
    "removeFilterFromGroupFilterState": [Function],
    "removeFilterWithChip": [Function],
    "toCheckboxFilterConfig": [Function],
    "toFilterConfigItem": [Function],
    "toGroupedFilterConfig": [Function],
    "toRadioFilterConfig": [Function],
    "toTextFilterConfig": [Function],
    "valueForLabel": [Function],
  },
  "filterString": [Function],
  "selectedFilterToolbarProps": undefined,
  "setActiveFilter": [Function],
  "toolbarProps": {
    "activeFiltersConfig": {
      "filters": [],
      "onDelete": [Function],
    },
    "filterConfig": {
      "items": [
        {
          "filterValues": {
            "onChange": [Function],
            "value": "",
          },
          "id": "name",
          "label": "Name",
          "placeholder": "Filter by name",
          "type": "text",
        },
        {
          "filterValues": {
            "items": [
              {
                "label": "OPTION 1",
                "value": "OPTION 1-value",
              },
              {
                "label": "OPTION 2",
                "value": "OPTION 2-value",
              },
              {
                "label": "OPTION 3",
                "value": "OPTION 3-value",
              },
            ],
            "onChange": [Function],
            "value": [],
          },
          "id": "checkboxfilter",
          "label": "Checkbox Filter",
          "placeholder": "Filter by checkbox filter",
          "type": "checkbox",
        },
        {
          "filterValues": {
            "items": [
              {
                "label": "OPTION 1",
                "value": "OPTION 1-value",
              },
              {
                "label": "OPTION 2",
                "value": "OPTION 2-value",
              },
              {
                "label": "OPTION 3",
                "value": "OPTION 3-value",
              },
            ],
            "onChange": [Function],
            "value": undefined,
          },
          "id": "radiofilter",
          "label": "Radio Filter",
          "placeholder": "Filter by radio filter",
          "type": "radio",
        },
        {
          "className": undefined,
          "filterValues": {
            "groups": [
              {
                "items": [
                  {
                    "label": "Child 1",
                    "type": "checkbox",
                    "value": 1,
                  },
                  {
                    "label": "Child 2",
                    "type": "checkbox",
                    "value": 2,
                  },
                ],
                "label": "Parent 1",
                "type": "checkbox",
                "value": 1,
              },
              {
                "items": [
                  {
                    "label": "Parent 2 Child 1",
                    "type": "checkbox",
                    "value": 1,
                  },
                  {
                    "label": "Parent 2 Child 2",
                    "type": "checkbox",
                    "value": 2,
                  },
                ],
                "label": "Parent 2",
                "type": "checkbox",
                "value": 2,
              },
            ],
            "onChange": [Function],
            "selected": undefined,
          },
          "id": "filtergroup",
          "label": "Filter group",
          "type": "group",
        },
      ],
    },
  },
}
`;

exports[`useFilterConfig works concurrently 1`] = `
<div>
  3
  4
</div>
`;
