// Jest Snapshot v1, https://goo.gl/fbAQLP

exports[`usePaginate returns a paginate configuration 1`] = `
{
  "current": {
    "paginator": [Function],
    "setPage": [Function],
    "toolbarProps": {
      "pagination": {
        "onPerPageSelect": [Function],
        "onSetPage": [Function],
        "page": 1,
        "perPage": 10,
      },
    },
  },
}
`;

exports[`usePaginate returns a paginate configuration 2`] = `
[
  {
    "description": "DESCRIPTION",
    "id": 6,
    "name": "TEST ITEM #6",
    "severity": "low",
  },
  {
    "description": "DESCRIPTION",
    "id": 7,
    "name": "TEST ITEM #7",
    "severity": "unknown",
  },
  {
    "description": "DESCRIPTION",
    "id": 8,
    "name": "TEST ITEM #8",
    "severity": "high",
  },
  {
    "description": "DESCRIPTION",
    "id": 9,
    "name": "TEST ITEM #9",
    "severity": "medium",
  },
  {
    "description": "DESCRIPTION",
    "id": 10,
    "name": "TEST ITEM #10",
    "severity": "low",
  },
]
`;
