// Jest Snapshot v1, https://goo.gl/fbAQLP

exports[`LoadingComplianceCards expect to render without error 1`] = `
<Grid
  hasGutter={true}
>
  <GridItem
    key="0"
    lg={6}
    md={12}
    sm={12}
    xl={4}
  >
    <Card>
      <ContentLoader
        height={400}
        primaryColor="#f3f3f3"
        secondaryColor="#ecebeb"
        speed={2}
        width={400}
      >
        <rect
          height="15"
          rx="4"
          ry="4"
          width="293"
          x="6"
          y="31"
        />
        <rect
          height="6"
          rx="3"
          ry="3"
          width="85"
          x="8"
          y="15"
        />
        <rect
          height="10"
          rx="3"
          ry="3"
          width="220"
          x="7"
          y="112"
        />
        <circle
          cx="190"
          cy="256"
          r="109"
        />
        <rect
          height="23"
          rx="0"
          ry="0"
          width="69"
          x="8"
          y="73"
        />
        <rect
          height="0"
          rx="0"
          ry="0"
          width="0"
          x="47"
          y="77"
        />
        <rect
          height="0"
          rx="0"
          ry="0"
          width="16"
          x="36"
          y="77"
        />
      </ContentLoader>
    </Card>
  </GridItem>
  <GridItem
    key="1"
    lg={6}
    md={12}
    sm={12}
    xl={4}
  >
    <Card>
      <ContentLoader
        height={400}
        primaryColor="#f3f3f3"
        secondaryColor="#ecebeb"
        speed={2}
        width={400}
      >
        <rect
          height="15"
          rx="4"
          ry="4"
          width="293"
          x="6"
          y="31"
        />
        <rect
          height="6"
          rx="3"
          ry="3"
          width="85"
          x="8"
          y="15"
        />
        <rect
          height="10"
          rx="3"
          ry="3"
          width="220"
          x="7"
          y="112"
        />
        <circle
          cx="190"
          cy="256"
          r="109"
        />
        <rect
          height="23"
          rx="0"
          ry="0"
          width="69"
          x="8"
          y="73"
        />
        <rect
          height="0"
          rx="0"
          ry="0"
          width="0"
          x="47"
          y="77"
        />
        <rect
          height="0"
          rx="0"
          ry="0"
          width="16"
          x="36"
          y="77"
        />
      </ContentLoader>
    </Card>
  </GridItem>
  <GridItem
    key="2"
    lg={6}
    md={12}
    sm={12}
    xl={4}
  >
    <Card>
      <ContentLoader
        height={400}
        primaryColor="#f3f3f3"
        secondaryColor="#ecebeb"
        speed={2}
        width={400}
      >
        <rect
          height="15"
          rx="4"
          ry="4"
          width="293"
          x="6"
          y="31"
        />
        <rect
          height="6"
          rx="3"
          ry="3"
          width="85"
          x="8"
          y="15"
        />
        <rect
          height="10"
          rx="3"
          ry="3"
          width="220"
          x="7"
          y="112"
        />
        <circle
          cx="190"
          cy="256"
          r="109"
        />
        <rect
          height="23"
          rx="0"
          ry="0"
          width="69"
          x="8"
          y="73"
        />
        <rect
          height="0"
          rx="0"
          ry="0"
          width="0"
          x="47"
          y="77"
        />
        <rect
          height="0"
          rx="0"
          ry="0"
          width="16"
          x="36"
          y="77"
        />
      </ContentLoader>
    </Card>
  </GridItem>
</Grid>
`;
