// Jest Snapshot v1, https://goo.gl/fbAQLP

exports[`ComplianceTabs expect to render without error 1`] = `
<Component
  activeKey={2}
  aria-label="Compliance Tabs"
  onSelect={[Function]}
>
  <Tab
    eventKey={0}
    key="0"
    title="Reports"
  />
  <Tab
    eventKey={1}
    key="1"
    title="Policies"
  />
  <Tab
    eventKey={2}
    key="2"
    title="Systems"
  />
</Component>
`;
