// Jest Snapshot v1, https://goo.gl/fbAQLP

exports[`ReportChart expect to render with not reporting hosts 1`] = `
<div>
  <div
    class="pf-l-grid chart-container"
  >
    <div
      class="pf-l-grid__item pf-m-6-col"
    >
      <div
        class="pf-c-chart"
        style="pointer-events: none; position: relative; width: 100%; height: 100%;"
      >
        <svg
          height="230"
          role="img"
          style="pointer-events: all; width: 100%; height: 100%;"
          viewBox="0 0 230 230"
          width="230"
        >
          <g>
            <path
              d="M5.8170722959499274e-15,-95L5.3884459162483544e-15,-88Z"
              role="presentation"
              shape-rendering="auto"
              style="fill: #d2d2d2; padding: 8px; stroke: transparent; stroke-width: 1;"
              transform="translate(115, 115)"
            />
            <path
              d="M5.8170722959499274e-15,-95L5.3884459162483544e-15,-88Z"
              role="presentation"
              shape-rendering="auto"
              style="fill: #d2d2d2; padding: 8px; stroke: transparent; stroke-width: 1;"
              transform="translate(115, 115)"
            />
            <path
              d="M5.8170722959499274e-15,-95L5.3884459162483544e-15,-88Z"
              role="presentation"
              shape-rendering="auto"
              style="fill: #d2d2d2; padding: 8px; stroke: transparent; stroke-width: 1;"
              transform="translate(115, 115)"
            />
            <path
              d="M5.8170722959499274e-15,-95L5.3884459162483544e-15,-88Z"
              role="presentation"
              shape-rendering="auto"
              style="fill: #d2d2d2; padding: 8px; stroke: transparent; stroke-width: 1;"
              transform="translate(115, 115)"
            />
          </g>
          <text
            direction="inherit"
            dx="0"
            x="115"
            y="113.675"
          >
            <tspan
              dx="0"
              dy="0"
              style="font-size: 24px; text-anchor: middle; font-family: var(--pf-chart-global--FontFamily); letter-spacing: var(--pf-chart-global--letter-spacing); fill: #252525; stroke: transparent;"
              text-anchor="middle"
              x="115"
            >
              0
            </tspan>
            <tspan
              dx="0"
              dy="13.5"
              style="fill: #b8bbbe; font-size: 14px; text-anchor: middle; font-family: var(--pf-chart-global--FontFamily); letter-spacing: var(--pf-chart-global--letter-spacing); stroke: transparent;"
              text-anchor="middle"
              x="115"
            >
              Compliant
            </tspan>
          </text>
        </svg>
        <div
          style="z-index: 99; position: absolute; top: 0px; left: 0px; width: 100%; height: 100%;"
        >
          <svg
            height="230"
            style="overflow: visible; width: 100%; height: 100%;"
            viewBox="0 0 230 230"
            width="230"
          />
        </div>
      </div>
    </div>
    <div
      class="pf-l-grid__item pf-m-6-col pf-u-display-flex pf-u-align-items-center"
      style="font-size: .85em; height: 100%;"
    >
      <ul
        class="pf-c-list"
      >
        <li
          class="pf-c-list__item"
          style="vertical-align: middle; display: inline-block;"
        >
          <span
            class="pf-c-list__item-icon"
          >
            <span
              style="width: 10px; height: 10px; display: inline-block; background: rgb(0, 102, 204);"
            >
               
            </span>
          </span>
          0 systems compliant
        </li>
        <li
          class="pf-c-list__item"
          style="vertical-align: middle; display: inline-block;"
        >
          <span
            class="pf-c-list__item-icon"
          >
            <span
              style="width: 10px; height: 10px; display: inline-block; background: rgb(81, 157, 233);"
            >
               
            </span>
          </span>
          0 systems non-compliant
        </li>
        <li
          class="pf-c-list__item"
          style="vertical-align: middle; display: inline-block;"
        >
          <span
            class="pf-c-list__item-icon"
          >
            <span
              style="width: 10px; height: 10px; display: inline-block; background: rgb(244, 193, 69);"
            >
               
            </span>
          </span>
          0 systems not supported
        </li>
      </ul>
    </div>
  </div>
</div>
`;

exports[`ReportChart expect to render with unsupported hosts 1`] = `
<div>
  <div
    class="pf-l-grid chart-container"
  >
    <div
      class="pf-l-grid__item pf-m-6-col"
    >
      <div
        class="pf-c-chart"
        style="pointer-events: none; position: relative; width: 100%; height: 100%;"
      >
        <svg
          height="230"
          role="img"
          style="pointer-events: all; width: 100%; height: 100%;"
          viewBox="0 0 230 230"
          width="230"
        >
          <g>
            <path
              d="M5.8170722959499274e-15,-95L5.3884459162483544e-15,-88Z"
              role="presentation"
              shape-rendering="auto"
              style="fill: #d2d2d2; padding: 8px; stroke: transparent; stroke-width: 1;"
              transform="translate(115, 115)"
            />
            <path
              d="M5.8170722959499274e-15,-95L5.3884459162483544e-15,-88Z"
              role="presentation"
              shape-rendering="auto"
              style="fill: #d2d2d2; padding: 8px; stroke: transparent; stroke-width: 1;"
              transform="translate(115, 115)"
            />
            <path
              d="M5.8170722959499274e-15,-95L5.3884459162483544e-15,-88Z"
              role="presentation"
              shape-rendering="auto"
              style="fill: #d2d2d2; padding: 8px; stroke: transparent; stroke-width: 1;"
              transform="translate(115, 115)"
            />
            <path
              d="M5.8170722959499274e-15,-95L5.3884459162483544e-15,-88Z"
              role="presentation"
              shape-rendering="auto"
              style="fill: #d2d2d2; padding: 8px; stroke: transparent; stroke-width: 1;"
              transform="translate(115, 115)"
            />
          </g>
          <text
            direction="inherit"
            dx="0"
            x="115"
            y="113.675"
          >
            <tspan
              dx="0"
              dy="0"
              style="font-size: 24px; text-anchor: middle; font-family: var(--pf-chart-global--FontFamily); letter-spacing: var(--pf-chart-global--letter-spacing); fill: #252525; stroke: transparent;"
              text-anchor="middle"
              x="115"
            >
              0
            </tspan>
            <tspan
              dx="0"
              dy="13.5"
              style="fill: #b8bbbe; font-size: 14px; text-anchor: middle; font-family: var(--pf-chart-global--FontFamily); letter-spacing: var(--pf-chart-global--letter-spacing); stroke: transparent;"
              text-anchor="middle"
              x="115"
            >
              Compliant
            </tspan>
          </text>
        </svg>
        <div
          style="z-index: 99; position: absolute; top: 0px; left: 0px; width: 100%; height: 100%;"
        >
          <svg
            height="230"
            style="overflow: visible; width: 100%; height: 100%;"
            viewBox="0 0 230 230"
            width="230"
          />
        </div>
      </div>
    </div>
    <div
      class="pf-l-grid__item pf-m-6-col pf-u-display-flex pf-u-align-items-center"
      style="font-size: .85em; height: 100%;"
    >
      <ul
        class="pf-c-list"
      >
        <li
          class="pf-c-list__item"
          style="vertical-align: middle; display: inline-block;"
        >
          <span
            class="pf-c-list__item-icon"
          >
            <span
              style="width: 10px; height: 10px; display: inline-block; background: rgb(0, 102, 204);"
            >
               
            </span>
          </span>
          0 systems compliant
        </li>
        <li
          class="pf-c-list__item"
          style="vertical-align: middle; display: inline-block;"
        >
          <span
            class="pf-c-list__item-icon"
          >
            <span
              style="width: 10px; height: 10px; display: inline-block; background: rgb(81, 157, 233);"
            >
               
            </span>
          </span>
          0 systems non-compliant
        </li>
        <li
          class="pf-c-list__item"
          style="vertical-align: middle; display: inline-block;"
        >
          <span
            class="pf-c-list__item-icon"
          >
            <span
              style="width: 10px; height: 10px; display: inline-block; background: rgb(244, 193, 69);"
            >
               
            </span>
          </span>
          0 systems not supported
        </li>
      </ul>
    </div>
  </div>
</div>
`;

exports[`ReportChart expect to render with zero unsupported hosts 1`] = `
<div>
  <div
    class="pf-l-grid chart-container"
  >
    <div
      class="pf-l-grid__item pf-m-6-col"
    >
      <div
        class="pf-c-chart"
        style="pointer-events: none; position: relative; width: 100%; height: 100%;"
      >
        <svg
          height="230"
          role="img"
          style="pointer-events: all; width: 100%; height: 100%;"
          viewBox="0 0 230 230"
          width="230"
        >
          <g>
            <path
              d="M5.8170722959499274e-15,-95L5.3884459162483544e-15,-88Z"
              role="presentation"
              shape-rendering="auto"
              style="fill: #d2d2d2; padding: 8px; stroke: transparent; stroke-width: 1;"
              transform="translate(115, 115)"
            />
            <path
              d="M5.8170722959499274e-15,-95L5.3884459162483544e-15,-88Z"
              role="presentation"
              shape-rendering="auto"
              style="fill: #d2d2d2; padding: 8px; stroke: transparent; stroke-width: 1;"
              transform="translate(115, 115)"
            />
            <path
              d="M5.8170722959499274e-15,-95L5.3884459162483544e-15,-88Z"
              role="presentation"
              shape-rendering="auto"
              style="fill: #d2d2d2; padding: 8px; stroke: transparent; stroke-width: 1;"
              transform="translate(115, 115)"
            />
            <path
              d="M5.8170722959499274e-15,-95L5.3884459162483544e-15,-88Z"
              role="presentation"
              shape-rendering="auto"
              style="fill: #d2d2d2; padding: 8px; stroke: transparent; stroke-width: 1;"
              transform="translate(115, 115)"
            />
          </g>
          <text
            direction="inherit"
            dx="0"
            x="115"
            y="113.675"
          >
            <tspan
              dx="0"
              dy="0"
              style="font-size: 24px; text-anchor: middle; font-family: var(--pf-chart-global--FontFamily); letter-spacing: var(--pf-chart-global--letter-spacing); fill: #252525; stroke: transparent;"
              text-anchor="middle"
              x="115"
            >
              0
            </tspan>
            <tspan
              dx="0"
              dy="13.5"
              style="fill: #b8bbbe; font-size: 14px; text-anchor: middle; font-family: var(--pf-chart-global--FontFamily); letter-spacing: var(--pf-chart-global--letter-spacing); stroke: transparent;"
              text-anchor="middle"
              x="115"
            >
              Compliant
            </tspan>
          </text>
        </svg>
        <div
          style="z-index: 99; position: absolute; top: 0px; left: 0px; width: 100%; height: 100%;"
        >
          <svg
            height="230"
            style="overflow: visible; width: 100%; height: 100%;"
            viewBox="0 0 230 230"
            width="230"
          />
        </div>
      </div>
    </div>
    <div
      class="pf-l-grid__item pf-m-6-col pf-u-display-flex pf-u-align-items-center"
      style="font-size: .85em; height: 100%;"
    >
      <ul
        class="pf-c-list"
      >
        <li
          class="pf-c-list__item"
          style="vertical-align: middle; display: inline-block;"
        >
          <span
            class="pf-c-list__item-icon"
          >
            <span
              style="width: 10px; height: 10px; display: inline-block; background: rgb(0, 102, 204);"
            >
               
            </span>
          </span>
          0 systems compliant
        </li>
        <li
          class="pf-c-list__item"
          style="vertical-align: middle; display: inline-block;"
        >
          <span
            class="pf-c-list__item-icon"
          >
            <span
              style="width: 10px; height: 10px; display: inline-block; background: rgb(81, 157, 233);"
            >
               
            </span>
          </span>
          0 systems non-compliant
        </li>
        <li
          class="pf-c-list__item"
          style="vertical-align: middle; display: inline-block;"
        >
          <span
            class="pf-c-list__item-icon"
          >
            <span
              style="width: 10px; height: 10px; display: inline-block; background: rgb(244, 193, 69);"
            >
               
            </span>
          </span>
          0 systems not supported
        </li>
      </ul>
    </div>
  </div>
</div>
`;

exports[`ReportChart expect to render without error with no profile 1`] = `
<div>
  <div
    class="pf-l-grid chart-container"
  >
    <div
      class="pf-l-grid__item pf-m-6-col"
    >
      <div
        class="pf-c-chart"
        style="pointer-events: none; position: relative; width: 100%; height: 100%;"
      >
        <svg
          height="230"
          role="img"
          style="pointer-events: all; width: 100%; height: 100%;"
          viewBox="0 0 230 230"
          width="230"
        >
          <g>
            <path
              d="M5.8170722959499274e-15,-95L5.3884459162483544e-15,-88Z"
              role="presentation"
              shape-rendering="auto"
              style="fill: #d2d2d2; padding: 8px; stroke: transparent; stroke-width: 1;"
              transform="translate(115, 115)"
            />
            <path
              d="M5.8170722959499274e-15,-95L5.3884459162483544e-15,-88Z"
              role="presentation"
              shape-rendering="auto"
              style="fill: #d2d2d2; padding: 8px; stroke: transparent; stroke-width: 1;"
              transform="translate(115, 115)"
            />
            <path
              d="M5.8170722959499274e-15,-95L5.3884459162483544e-15,-88Z"
              role="presentation"
              shape-rendering="auto"
              style="fill: #d2d2d2; padding: 8px; stroke: transparent; stroke-width: 1;"
              transform="translate(115, 115)"
            />
            <path
              d="M5.8170722959499274e-15,-95L5.3884459162483544e-15,-88Z"
              role="presentation"
              shape-rendering="auto"
              style="fill: #d2d2d2; padding: 8px; stroke: transparent; stroke-width: 1;"
              transform="translate(115, 115)"
            />
          </g>
          <text
            direction="inherit"
            dx="0"
            x="115"
            y="113.675"
          >
            <tspan
              dx="0"
              dy="0"
              style="font-size: 24px; text-anchor: middle; font-family: var(--pf-chart-global--FontFamily); letter-spacing: var(--pf-chart-global--letter-spacing); fill: #252525; stroke: transparent;"
              text-anchor="middle"
              x="115"
            >
              0
            </tspan>
            <tspan
              dx="0"
              dy="13.5"
              style="fill: #b8bbbe; font-size: 14px; text-anchor: middle; font-family: var(--pf-chart-global--FontFamily); letter-spacing: var(--pf-chart-global--letter-spacing); stroke: transparent;"
              text-anchor="middle"
              x="115"
            >
              Compliant
            </tspan>
          </text>
        </svg>
        <div
          style="z-index: 99; position: absolute; top: 0px; left: 0px; width: 100%; height: 100%;"
        >
          <svg
            height="230"
            style="overflow: visible; width: 100%; height: 100%;"
            viewBox="0 0 230 230"
            width="230"
          />
        </div>
      </div>
    </div>
    <div
      class="pf-l-grid__item pf-m-6-col pf-u-display-flex pf-u-align-items-center"
      style="font-size: .85em; height: 100%;"
    >
      <ul
        class="pf-c-list"
      >
        <li
          class="pf-c-list__item"
          style="vertical-align: middle; display: inline-block;"
        >
          <span
            class="pf-c-list__item-icon"
          >
            <span
              style="width: 10px; height: 10px; display: inline-block; background: rgb(0, 102, 204);"
            >
               
            </span>
          </span>
          0 systems compliant
        </li>
        <li
          class="pf-c-list__item"
          style="vertical-align: middle; display: inline-block;"
        >
          <span
            class="pf-c-list__item-icon"
          >
            <span
              style="width: 10px; height: 10px; display: inline-block; background: rgb(81, 157, 233);"
            >
               
            </span>
          </span>
          0 systems non-compliant
        </li>
        <li
          class="pf-c-list__item"
          style="vertical-align: middle; display: inline-block;"
        >
          <span
            class="pf-c-list__item-icon"
          >
            <span
              style="width: 10px; height: 10px; display: inline-block; background: rgb(244, 193, 69);"
            >
               
            </span>
          </span>
          0 systems not supported
        </li>
      </ul>
    </div>
  </div>
</div>
`;

exports[`ReportChart expect to render without error with zero counts 1`] = `
<div>
  <div
    class="pf-l-grid chart-container"
  >
    <div
      class="pf-l-grid__item pf-m-6-col"
    >
      <div
        class="pf-c-chart"
        style="pointer-events: none; position: relative; width: 100%; height: 100%;"
      >
        <svg
          height="230"
          role="img"
          style="pointer-events: all; width: 100%; height: 100%;"
          viewBox="0 0 230 230"
          width="230"
        >
          <g>
            <path
              d="M5.8170722959499274e-15,-95L5.3884459162483544e-15,-88Z"
              role="presentation"
              shape-rendering="auto"
              style="fill: #d2d2d2; padding: 8px; stroke: transparent; stroke-width: 1;"
              transform="translate(115, 115)"
            />
            <path
              d="M5.8170722959499274e-15,-95L5.3884459162483544e-15,-88Z"
              role="presentation"
              shape-rendering="auto"
              style="fill: #d2d2d2; padding: 8px; stroke: transparent; stroke-width: 1;"
              transform="translate(115, 115)"
            />
            <path
              d="M5.8170722959499274e-15,-95L5.3884459162483544e-15,-88Z"
              role="presentation"
              shape-rendering="auto"
              style="fill: #d2d2d2; padding: 8px; stroke: transparent; stroke-width: 1;"
              transform="translate(115, 115)"
            />
            <path
              d="M5.8170722959499274e-15,-95L5.3884459162483544e-15,-88Z"
              role="presentation"
              shape-rendering="auto"
              style="fill: #d2d2d2; padding: 8px; stroke: transparent; stroke-width: 1;"
              transform="translate(115, 115)"
            />
          </g>
          <text
            direction="inherit"
            dx="0"
            x="115"
            y="113.675"
          >
            <tspan
              dx="0"
              dy="0"
              style="font-size: 24px; text-anchor: middle; font-family: var(--pf-chart-global--FontFamily); letter-spacing: var(--pf-chart-global--letter-spacing); fill: #252525; stroke: transparent;"
              text-anchor="middle"
              x="115"
            >
              0
            </tspan>
            <tspan
              dx="0"
              dy="13.5"
              style="fill: #b8bbbe; font-size: 14px; text-anchor: middle; font-family: var(--pf-chart-global--FontFamily); letter-spacing: var(--pf-chart-global--letter-spacing); stroke: transparent;"
              text-anchor="middle"
              x="115"
            >
              Compliant
            </tspan>
          </text>
        </svg>
        <div
          style="z-index: 99; position: absolute; top: 0px; left: 0px; width: 100%; height: 100%;"
        >
          <svg
            height="230"
            style="overflow: visible; width: 100%; height: 100%;"
            viewBox="0 0 230 230"
            width="230"
          />
        </div>
      </div>
    </div>
    <div
      class="pf-l-grid__item pf-m-6-col pf-u-display-flex pf-u-align-items-center"
      style="font-size: .85em; height: 100%;"
    >
      <ul
        class="pf-c-list"
      >
        <li
          class="pf-c-list__item"
          style="vertical-align: middle; display: inline-block;"
        >
          <span
            class="pf-c-list__item-icon"
          >
            <span
              style="width: 10px; height: 10px; display: inline-block; background: rgb(0, 102, 204);"
            >
               
            </span>
          </span>
          0 systems compliant
        </li>
        <li
          class="pf-c-list__item"
          style="vertical-align: middle; display: inline-block;"
        >
          <span
            class="pf-c-list__item-icon"
          >
            <span
              style="width: 10px; height: 10px; display: inline-block; background: rgb(81, 157, 233);"
            >
               
            </span>
          </span>
          0 systems non-compliant
        </li>
        <li
          class="pf-c-list__item"
          style="vertical-align: middle; display: inline-block;"
        >
          <span
            class="pf-c-list__item-icon"
          >
            <span
              style="width: 10px; height: 10px; display: inline-block; background: rgb(244, 193, 69);"
            >
               
            </span>
          </span>
          0 systems not supported
        </li>
      </ul>
    </div>
  </div>
</div>
`;
