// Jest Snapshot v1, https://goo.gl/fbAQLP

exports[`SystemsComplianceFilter expect to render without error 1`] = `
<FilterDropdown
  addFilter={[Function]}
  filterCategories={
    Array [
      Object {
        "title": "Compliant",
        "type": "checkbox",
        "urlParam": "compliant",
        "values": Array [
          Object {
            "label": "Compliant",
            "value": true,
          },
          Object {
            "label": "Non-compliant",
            "value": false,
          },
        ],
      },
      Object {
        "title": "Compliance score",
        "type": "checkbox",
        "urlParam": "complianceScore",
        "values": Array [
          Object {
            "label": "90 - 100%",
            "value": "90-100",
          },
          Object {
            "label": "70 - 89%",
            "value": "70-89",
          },
          Object {
            "label": "50 - 69%",
            "value": "50-69",
          },
          Object {
            "label": "Less than 50%",
            "value": "0-49",
          },
        ],
      },
    ]
  }
  filters={
    Object {
      "complianceScore": Array [],
      "compliant": Array [],
    }
  }
  hideCategories={Array []}
  label={
    <FilterIcon
      color="currentColor"
      noVerticalAlign={false}
      size="sm"
      title={null}
    />
  }
  removeFilter={[Function]}
/>
`;
