// Jest Snapshot v1, https://goo.gl/fbAQLP

exports[`ComplianceSystems expect to render without error 1`] = `
<Fragment>
  <PageHeader
    className="page-header"
  >
    <PageHeaderTitle
      title="Compliance systems"
    />
  </PageHeader>
  <Main>
    <StateViewWithError
      stateValues={
        Object {
          "data": Array [],
          "error": undefined,
          "loading": undefined,
        }
      }
    >
      <StateViewPart
        stateKey="data"
      />
    </StateViewWithError>
  </Main>
</Fragment>
`;
