// Jest Snapshot v1, https://goo.gl/fbAQLP

exports[`PolicyPopover expect to render without error 1`] = `
<Popover
  bodyContent={
    <TextContent
      className="policy-details"
    >
      <TextList
        component="dl"
      >
        <TextListItem
          component="dt"
        >
          Operating system
        </TextListItem>
        <TextListItem
          component="dd"
        >
          RHEL 
          7
        </TextListItem>
        <TextListItem
          component="dt"
        >
          Compliance threshold
        </TextListItem>
        <TextListItem
          component="dd"
        >
          100.0%
        </TextListItem>
      </TextList>
    </TextContent>
  }
  footerContent={
    <LinkWithPermission
      to="/scappolicies/b71376fd-015e-4209-99af-4543e82e5dc5-policy"
    >
      View policy
    </LinkWithPermission>
  }
  headerContent={
    <TextContent>
      PCI-DSS v3 Control Baseline for Red Hat Enterprise Linux 73
      <Text
        component="small"
      >
        United States Government Standard
      </Text>
    </TextContent>
  }
  position="top"
>
  <Button
    isInline={true}
    ouiaId="PopoverViewPolicyLink"
    variant="link"
  >
    <OutlinedQuestionCircleIcon
      className="grey-icon"
      color="currentColor"
      noVerticalAlign={false}
      size="sm"
    />
  </Button>
</Popover>
`;
