// Jest Snapshot v1, https://goo.gl/fbAQLP

exports[`EditPolicy expect to render without error 1`] = `
<ComplianceModal
  actions={
    [
      <Button
        isDisabled={null}
        isLoading={false}
        onClick={[Function]}
        ouiaId="EditPolicySaveButton"
        spinnerAriaValueText="Saving"
        variant="primary"
      >
        Save
      </Button>,
      <Button
        onClick={[Function]}
        ouiaId="EditPolicyCancelButton"
        variant="link"
      >
        Cancel
      </Button>,
    ]
  }
  isOpen={true}
  onClose={[Function]}
  ouiaId="EditPolicyModal"
  position="top"
  style={
    {
      "minHeight": "350px",
    }
  }
  title="Edit profile1"
  variant="large"
  width={1220}
>
  <StateViewWithError
    stateValues={
      {
        "data": true,
        "error": undefined,
        "loading": undefined,
      }
    }
  >
    <StateViewPart
      stateKey="loading"
    >
      <Spinner />
    </StateViewPart>
    <StateViewPart
      stateKey="data"
    >
      <EditPolicyForm
        policy={
          {
            "benchmark": {
              "title": "benchmark",
              "version": "0.1.5",
            },
            "businessObjective": {
              "id": "1",
              "title": "BO 1",
            },
            "complianceThreshold": 1,
            "compliantHostCount": 1,
            "description": "profile description",
            "id": "1",
            "name": "profile1",
            "policy": {
              "name": "parentpolicy",
              "profiles": [],
            },
            "refId": "121212",
            "totalHostCount": 1,
          }
        }
        ruleValues={{}}
        selectedRuleRefIds={[]}
        selectedSystems={[]}
        setRuleValues={[Function]}
        setSelectedRuleRefIds={[Function]}
        setSelectedSystems={[Function]}
        setUpdatedPolicy={[Function]}
        updatedPolicy={null}
      />
    </StateViewPart>
  </StateViewWithError>
</ComplianceModal>
`;
