// Jest Snapshot v1, https://goo.gl/fbAQLP

exports[`EditPolicyForm expect to render with alter 1`] = `
<DocumentFragment>
  <form
    class="pf-c-form"
    novalidate=""
  >
    <div
      class="pf-c-tabs"
      data-ouia-component-id="EditSystems"
      data-ouia-component-type="PF4/Tabs"
      data-ouia-safe="true"
      id="policy-tabs"
    >
      <button
        aria-hidden="true"
        aria-label="Scroll left"
        class="pf-c-tabs__scroll-button"
        disabled=""
      >
        <svg
          aria-hidden="true"
          fill="currentColor"
          height="1em"
          role="img"
          style="vertical-align: -0.125em;"
          viewBox="0 0 256 512"
          width="1em"
        >
          <path
            d="M31.7 239l136-136c9.4-9.4 24.6-9.4 33.9 0l22.6 22.6c9.4 9.4 9.4 24.6 0 33.9L127.9 256l96.4 96.4c9.4 9.4 9.4 24.6 0 33.9L201.7 409c-9.4 9.4-24.6 9.4-33.9 0l-136-136c-9.5-9.4-9.5-24.6-.1-34z"
          />
        </svg>
      </button>
      <ul
        class="pf-c-tabs__list"
        role="tablist"
      >
        <li
          class="pf-c-tabs__item"
          role="presentation"
        >
          <button
            aria-controls="pf-tab-section-rules-policy-tabs"
            aria-selected="false"
            class="pf-c-tabs__link"
            data-ouia-component-id="Rules"
            data-ouia-component-type="PF4/TabButton"
            data-ouia-safe="true"
            id="pf-tab-rules-policy-tabs"
            role="tab"
          >
            <span
              class="pf-c-tabs__item-text"
            >
              Rules
            </span>
          </button>
        </li>
        <li
          class="pf-c-tabs__item pf-m-current"
          role="presentation"
        >
          <button
            aria-controls="pf-tab-section-systems-policy-tabs"
            aria-selected="true"
            class="pf-c-tabs__link"
            data-ouia-component-id="Systems"
            data-ouia-component-type="PF4/TabButton"
            data-ouia-safe="true"
            id="pf-tab-systems-policy-tabs"
            role="tab"
          >
            <span
              class="pf-c-tabs__item-text"
            >
              Systems
            </span>
          </button>
        </li>
      </ul>
      <button
        aria-hidden="true"
        aria-label="Scroll right"
        class="pf-c-tabs__scroll-button"
        disabled=""
      >
        <svg
          aria-hidden="true"
          fill="currentColor"
          height="1em"
          role="img"
          style="vertical-align: -0.125em;"
          viewBox="0 0 256 512"
          width="1em"
        >
          <path
            d="M224.3 273l-136 136c-9.4 9.4-24.6 9.4-33.9 0l-22.6-22.6c-9.4-9.4-9.4-24.6 0-33.9l96.4-96.4-96.4-96.4c-9.4-9.4-9.4-24.6 0-33.9L54.3 103c9.4-9.4 24.6-9.4 33.9 0l136 136c9.5 9.4 9.5 24.6.1 34z"
          />
        </svg>
      </button>
    </div>
    <section
      aria-labelledby="pf-tab-rules-policy-tabs"
      class="pf-c-tab-content"
      data-ouia-component-id="Rules"
      data-ouia-component-type="PF4/TabContent"
      data-ouia-safe="true"
      hidden=""
      id="pf-tab-section-rules-policy-tabs"
      role="tabpanel"
      tabindex="0"
    >
      <div
        class="ins-c-table__empty"
      >
         
        <div
          class="ins-c-spinner"
          role="status"
        >
          <span
            class="pf-u-screen-reader"
          >
            Loading...
          </span>
        </div>
      </div>
    </section>
    <section
      aria-labelledby="pf-tab-systems-policy-tabs"
      class="pf-c-tab-content"
      data-ouia-component-id="Systems"
      data-ouia-component-type="PF4/TabContent"
      data-ouia-safe="true"
      id="pf-tab-section-systems-policy-tabs"
      role="tabpanel"
      tabindex="0"
    >
      <section
        class="inventory"
      >
        <div>
          <h1>
            Inventory mock
          </h1>
        </div>
      </section>
    </section>
  </form>
</DocumentFragment>
`;

exports[`EditPolicyForm expect to render without error 1`] = `
<DocumentFragment>
  <form
    class="pf-c-form"
    novalidate=""
  >
    <div
      class="pf-c-tabs"
      data-ouia-component-id="EditSystems"
      data-ouia-component-type="PF4/Tabs"
      data-ouia-safe="true"
      id="policy-tabs"
    >
      <button
        aria-hidden="true"
        aria-label="Scroll left"
        class="pf-c-tabs__scroll-button"
        disabled=""
      >
        <svg
          aria-hidden="true"
          fill="currentColor"
          height="1em"
          role="img"
          style="vertical-align: -0.125em;"
          viewBox="0 0 256 512"
          width="1em"
        >
          <path
            d="M31.7 239l136-136c9.4-9.4 24.6-9.4 33.9 0l22.6 22.6c9.4 9.4 9.4 24.6 0 33.9L127.9 256l96.4 96.4c9.4 9.4 9.4 24.6 0 33.9L201.7 409c-9.4 9.4-24.6 9.4-33.9 0l-136-136c-9.5-9.4-9.5-24.6-.1-34z"
          />
        </svg>
      </button>
      <ul
        class="pf-c-tabs__list"
        role="tablist"
      >
        <li
          class="pf-c-tabs__item"
          role="presentation"
        >
          <button
            aria-controls="pf-tab-section-rules-policy-tabs"
            aria-selected="false"
            class="pf-c-tabs__link"
            data-ouia-component-id="Rules"
            data-ouia-component-type="PF4/TabButton"
            data-ouia-safe="true"
            id="pf-tab-rules-policy-tabs"
            role="tab"
          >
            <span
              class="pf-c-tabs__item-text"
            >
              Rules
            </span>
          </button>
        </li>
        <li
          class="pf-c-tabs__item pf-m-current"
          role="presentation"
        >
          <button
            aria-controls="pf-tab-section-systems-policy-tabs"
            aria-selected="true"
            class="pf-c-tabs__link"
            data-ouia-component-id="Systems"
            data-ouia-component-type="PF4/TabButton"
            data-ouia-safe="true"
            id="pf-tab-systems-policy-tabs"
            role="tab"
          >
            <span
              class="pf-c-tabs__item-text"
            >
              Systems
            </span>
          </button>
        </li>
      </ul>
      <button
        aria-hidden="true"
        aria-label="Scroll right"
        class="pf-c-tabs__scroll-button"
        disabled=""
      >
        <svg
          aria-hidden="true"
          fill="currentColor"
          height="1em"
          role="img"
          style="vertical-align: -0.125em;"
          viewBox="0 0 256 512"
          width="1em"
        >
          <path
            d="M224.3 273l-136 136c-9.4 9.4-24.6 9.4-33.9 0l-22.6-22.6c-9.4-9.4-9.4-24.6 0-33.9l96.4-96.4-96.4-96.4c-9.4-9.4-9.4-24.6 0-33.9L54.3 103c9.4-9.4 24.6-9.4 33.9 0l136 136c9.5 9.4 9.5 24.6.1 34z"
          />
        </svg>
      </button>
    </div>
    <section
      aria-labelledby="pf-tab-rules-policy-tabs"
      class="pf-c-tab-content"
      data-ouia-component-id="Rules"
      data-ouia-component-type="PF4/TabContent"
      data-ouia-safe="true"
      hidden=""
      id="pf-tab-section-rules-policy-tabs"
      role="tabpanel"
      tabindex="0"
    >
      <div
        class="ins-c-table__empty"
      >
         
        <div
          class="ins-c-spinner"
          role="status"
        >
          <span
            class="pf-u-screen-reader"
          >
            Loading...
          </span>
        </div>
      </div>
    </section>
    <section
      aria-labelledby="pf-tab-systems-policy-tabs"
      class="pf-c-tab-content"
      data-ouia-component-id="Systems"
      data-ouia-component-type="PF4/TabContent"
      data-ouia-safe="true"
      id="pf-tab-section-systems-policy-tabs"
      role="tabpanel"
      tabindex="0"
    >
      <section
        class="inventory"
      >
        <div>
          <h1>
            Inventory mock
          </h1>
        </div>
      </section>
    </section>
  </form>
</DocumentFragment>
`;
