// Jest Snapshot v1, https://goo.gl/fbAQLP

exports[`EditPolicyForm expect to render without error 1`] = `
<Form>
  <RoutedTabs
    defaultTab="systems"
    level={0}
    ouiaId="EditSystems"
  >
    <Tab
      eventKey="rules"
      ouiaId="Rules"
      title={
        <TabTitleText>
          Rules
        </TabTitleText>
      }
    >
      <EditPolicyRulesTab
        osMinorVersionCounts={Object {}}
        policy={
          Object {
            "name": "parentpolicy",
          }
        }
        setNewRuleTabs={[Function]}
      />
    </Tab>
    <Tab
      eventKey="systems"
      ouiaId="Systems"
      title={
        <TabTitleText>
          Systems
        </TabTitleText>
      }
    >
      <EditPolicySystemsTab
        newRuleTabs={false}
        onSystemSelect={[Function]}
        policy={
          Object {
            "name": "parentpolicy",
          }
        }
      />
    </Tab>
  </RoutedTabs>
</Form>
`;
