// Jest Snapshot v1, https://goo.gl/fbAQLP

exports[`DeletePolicy expect to render an open modal without error 1`] = `
<ComplianceModal
  actions={
    Array [
      <Button
        aria-label="delete"
        isDisabled={true}
        onClick={[Function]}
        ouiaId="DeletePolicyButton"
        variant="danger"
      >
        Delete policy and associated reports
      </Button>,
      <Button
        onClick={[Function]}
        ouiaId="DeletePolicyCancelButton"
        variant="secondary"
      >
        Cancel
      </Button>,
    ]
  }
  isOpen={true}
  onClose={[Function]}
  ouiaId="DeletePolicyModal"
  title={
    <React.Fragment>
      <ExclamationTriangleIcon
        className="ins-u-warning"
        color="currentColor"
        noVerticalAlign={false}
        size="sm"
      />
      <Text
        className="policy-delete-header-text"
        component="span"
      >
        Delete policy?
      </Text>
    </React.Fragment>
  }
  variant="small"
>
  <Text
    className="policy-delete-body-text"
  >
    Deleting the policy 
    <b>
      foo
    </b>
     will also delete its associated reports.
  </Text>
  <Checkbox
    className=""
    component="div"
    id="deleting-policy-check-1"
    isChecked={false}
    isDisabled={false}
    isRequired={false}
    isValid={true}
    label="I understand this will delete the policy and all associated reports"
    onChange={[Function]}
    ouiaSafe={true}
  />
</ComplianceModal>
`;
