// Jest Snapshot v1, https://jestjs.io/docs/snapshot-testing

exports[`RuleDetailsRow expect to render without error 1`] = `
<DocumentFragment>
  <div
    style="margin-top: var(--pf-t--global--spacer--lg);"
  >
    <div
      class="pf-v6-l-stack"
      id="rule-description-rule-child-row-xccdf_org.ssgproject.content_rule_sebool_polyinstantiation_enabled"
      style="margin-bottom: var(--pf-t--global--spacer--md);"
    >
      <div
        class="pf-v6-l-stack__item"
        style="margin-bottom: var(--pf-t--global--spacer--xs);"
      >
        <h5
          class="pf-v6-c-content--h5 pf-c-form__label"
          data-ouia-component-id="OUIA-Generated-Content-1"
          data-ouia-component-type="PF6/Content"
          data-ouia-safe="true"
          data-pf-content="true"
        >
          <b>
            Description
          </b>
        </h5>
      </div>
      <div
        class="pf-v6-l-stack__item pf-m-fill"
      >
        By default, the SELinux boolean polyinstantiation_enabled is disabled. This setting should be configured to . To set the polyinstantiation_enabled SELinux boolean, run the following command: $ sudo setsebool -P polyinstantiation_enabled
      </div>
    </div>
    <div
      class="pf-v6-l-stack"
      id="rule-identifiers-references-rule-child-row-xccdf_org.ssgproject.content_rule_sebool_polyinstantiation_enabled"
      style="margin-bottom: var(--pf-t--global--spacer--md);"
    >
      <div
        class="pf-v6-l-grid"
      >
        <div
          class="pf-v6-l-grid__item pf-m-2-col"
        >
          <h5
            class="pf-v6-c-content--h5 pf-c-form__label"
            data-ouia-component-id="OUIA-Generated-Content-2"
            data-ouia-component-type="PF6/Content"
            data-ouia-safe="true"
            data-pf-content="true"
            style="margin-bottom: var(--pf-t--global--spacer--xs);"
          >
            <b>
              Identifier
            </b>
          </h5>
          <p
            class="pf-v6-c-content--p"
            data-ouia-component-id="OUIA-Generated-Content-3"
            data-ouia-component-type="PF6/Content"
            data-ouia-safe="true"
            data-pf-content="true"
          >
            <a
              href="https://nvd.nist.gov/cce/index.cfm"
              target="_blank"
            >
              CCE-84230-2
            </a>
          </p>
        </div>
        <div
          class="pf-v6-l-grid__item pf-m-10-col"
        >
          <h5
            class="pf-v6-c-content--h5 pf-c-form__label"
            data-ouia-component-id="OUIA-Generated-Content-4"
            data-ouia-component-type="PF6/Content"
            data-ouia-safe="true"
            data-pf-content="true"
            style="margin-bottom: var(--pf-t--global--spacer--xs);"
          >
            <b>
              References
            </b>
          </h5>
          <p
            class="pf-v6-c-content--p"
            data-ouia-component-id="OUIA-Generated-Content-5"
            data-ouia-component-type="PF6/Content"
            data-ouia-safe="true"
            data-pf-content="true"
          >
            <a
              href="http://www.ssi.gouv.fr/administration/bonnes-pratiques/"
              target="_blank"
            >
              BP28(R39)
            </a>
          </p>
        </div>
      </div>
    </div>
  </div>
</DocumentFragment>
`;
