// Jest Snapshot v1, https://goo.gl/fbAQLP

exports[`ChipBuilder#getChipsFor returns a filterConfig 1`] = `
Array [
  Object {
    "category": "Compliant",
    "chips": Array [
      Object {
        "name": "Non-compliant",
      },
    ],
  },
  Object {
    "category": "Name",
    "chips": Array [
      Object {
        "name": "Text search",
      },
    ],
  },
  Object {
    "category": "Compliance score",
    "chips": Array [
      Object {
        "name": "50 - 69%",
      },
      Object {
        "name": "70 - 89%",
      },
    ],
  },
]
`;
