// Jest Snapshot v1, https://goo.gl/fbAQLP

exports[`FilterConfigBuilder categoryLabelForValue to return a matching category label 1`] = `"Compliant"`;

exports[`FilterConfigBuilder categoryLabelForValue to return a matching category label 2`] = `"Compliance score"`;

exports[`FilterConfigBuilder categoryLabelForValue to return a matching category label 3`] = `"Search term"`;

exports[`FilterConfigBuilder labelForValue to return a matching label 1`] = `"Compliant"`;

exports[`FilterConfigBuilder labelForValue to return a matching label 2`] = `"Less than 50%"`;

exports[`FilterConfigBuilder labelForValue to return a matching label 3`] = `"Search term"`;

exports[`FilterConfigBuilder returns a filterConfig 1`] = `
Object {
  "compliancescore": Array [],
  "compliant": Array [],
  "items": Array [
    Object {
      "filterValues": Object {
        "onSubmit": [Function],
        "value": "",
      },
      "id": "name",
      "label": "Name",
      "type": "text",
    },
    Object {
      "filterValues": Object {
        "items": Array [
          Object {
            "label": "Compliant",
            "value": "true",
          },
          Object {
            "label": "Non-compliant",
            "value": "false",
          },
        ],
        "onChange": [Function],
        "value": undefined,
      },
      "id": "compliant",
      "label": "Compliant",
      "type": "checkbox",
    },
    Object {
      "filterValues": Object {
        "items": Array [
          Object {
            "label": "90 - 100%",
            "value": "90-100",
          },
          Object {
            "label": "70 - 89%",
            "value": "70-89",
          },
          Object {
            "label": "50 - 69%",
            "value": "50-69",
          },
          Object {
            "label": "Less than 50%",
            "value": "0-49",
          },
        ],
        "onChange": [Function],
        "value": undefined,
      },
      "id": "compliancescore",
      "label": "Compliance score",
      "type": "checkbox",
    },
  ],
  "name": "",
}
`;

exports[`FilterConfigBuilder valueForLabel to return a matching value 1`] = `"false"`;

exports[`FilterConfigBuilder valueForLabel to return a matching value 2`] = `"50-69"`;

exports[`FilterConfigBuilder valueForLabel to return a matching value 3`] = `"Search term"`;
