// Jest Snapshot v1, https://goo.gl/fbAQLP

exports[`camelCase should camelCase a string 1`] = `"TESTCase"`;

exports[`camelCase should camelCase a string 2`] = `"TestCase"`;

exports[`camelCase should camelCase a string 3`] = `"TestCase"`;

exports[`camelCase should camelCase a string 4`] = `"TestCase"`;

exports[`camelCase should camelCase a string 5`] = `"TestCaseWithMultipleWords"`;

exports[`getPropery should return values of keys 1`] = `"value-level-3"`;

exports[`getPropery should return values of keys 2`] = `"value-level-2"`;

exports[`orderByArray sorts an array asc 1`] = `
[
  {
    "description": "DESCRIPTION",
    "id": 4,
    "name": "TEST ITEM #4",
    "severity": "high",
  },
  {
    "description": "DESCRIPTION",
    "id": 8,
    "name": "TEST ITEM #8",
    "severity": "high",
  },
  {
    "description": "DESCRIPTION",
    "id": 1,
    "name": "TEST ITEM #1",
    "severity": "medium",
  },
  {
    "description": "DESCRIPTION",
    "id": 5,
    "name": "TEST ITEM #5",
    "severity": "medium",
  },
  {
    "description": "DESCRIPTION",
    "id": 9,
    "name": "TEST ITEM #9",
    "severity": "medium",
  },
  {
    "description": "DESCRIPTION",
    "id": 2,
    "name": "TEST ITEM #2",
    "severity": "low",
  },
  {
    "description": "DESCRIPTION",
    "id": 6,
    "name": "TEST ITEM #6",
    "severity": "low",
  },
  {
    "description": "DESCRIPTION",
    "id": 10,
    "name": "TEST ITEM #10",
    "severity": "low",
  },
  {
    "description": "DESCRIPTION",
    "id": 3,
    "name": "TEST ITEM #3",
    "severity": "unknown",
  },
  {
    "description": "DESCRIPTION",
    "id": 7,
    "name": "TEST ITEM #7",
    "severity": "unknown",
  },
]
`;

exports[`orderByArray sorts an array desc 1`] = `
[
  {
    "description": "DESCRIPTION",
    "id": 7,
    "name": "TEST ITEM #7",
    "severity": "unknown",
  },
  {
    "description": "DESCRIPTION",
    "id": 3,
    "name": "TEST ITEM #3",
    "severity": "unknown",
  },
  {
    "description": "DESCRIPTION",
    "id": 10,
    "name": "TEST ITEM #10",
    "severity": "low",
  },
  {
    "description": "DESCRIPTION",
    "id": 6,
    "name": "TEST ITEM #6",
    "severity": "low",
  },
  {
    "description": "DESCRIPTION",
    "id": 2,
    "name": "TEST ITEM #2",
    "severity": "low",
  },
  {
    "description": "DESCRIPTION",
    "id": 9,
    "name": "TEST ITEM #9",
    "severity": "medium",
  },
  {
    "description": "DESCRIPTION",
    "id": 5,
    "name": "TEST ITEM #5",
    "severity": "medium",
  },
  {
    "description": "DESCRIPTION",
    "id": 1,
    "name": "TEST ITEM #1",
    "severity": "medium",
  },
  {
    "description": "DESCRIPTION",
    "id": 8,
    "name": "TEST ITEM #8",
    "severity": "high",
  },
  {
    "description": "DESCRIPTION",
    "id": 4,
    "name": "TEST ITEM #4",
    "severity": "high",
  },
]
`;
